\BOOKMARK [0][-]{chapter.1}{Automatic execution of code blocks}{}% 1
\BOOKMARK [1][-]{section.1.1}{Plotting}{chapter.1}% 2
\BOOKMARK [1][-]{section.1.2}{Ignore output}{chapter.1}% 3
\BOOKMARK [1][-]{section.1.3}{Not executed}{chapter.1}% 4
\BOOKMARK [1][-]{section.1.4}{Code with errors}{chapter.1}% 5
\BOOKMARK [1][-]{section.1.5}{Opening files}{chapter.1}% 6
